npm warn ERESOLVE overriding peer dependency
npm warn While resolving: eslint-plugin-import@2.32.0
npm warn Found: eslint@10.10.0
npm warn node_modules/eslint
npm warn   dev eslint@"10.10.0" from the root project
npm warn   11 more (@eslint-community/eslint-utils, @eslint/compat, ...)
npm warn
npm warn Could not resolve dependency:
npm warn peerOptional eslint@"^8.40 || 9 || 10" from @eslint/compat@2.1.1
npm warn node_modules/@eslint/compat
npm warn   dev @eslint/compat@"2.1.1" from the root project
npm warn ERESOLVE overriding peer dependency
npm warn While resolving: eslint-plugin-import@2.32.0
npm warn Found: eslint@10.10.0
npm warn node_modules/eslint
npm warn   dev eslint@"10.10.0" from the root project
npm warn   11 more (@eslint-community/eslint-utils, @eslint/compat, ...)
npm warn
npm warn Could not resolve dependency:
npm warn peer eslint@">=9.0.0" from eslint-config-next@16.3.4
npm warn node_modules/eslint-config-next
npm warn   dev eslint-config-next@"16.3.4" from the root project
npm warn ERESOLVE overriding peer dependency
npm warn While resolving: eslint-plugin-import@2.32.0
npm warn Found: eslint@undefined
npm warn node_modules/eslint
npm warn   dev eslint@"10.10.0" from the root project
npm warn   1 more (eslint-import-resolver-typescript)
npm warn
npm warn Could not resolve dependency:
npm warn peer eslint@"^2 || ^3 || ^4 || ^5 || ^6 || ^7.2.0 || ^8 || ^9" from eslint-plugin-import@2.32.0
npm warn node_modules/eslint-config-next/node_modules/eslint-plugin-import
npm warn   eslint-plugin-import@"^2.32.0" from eslint-config-next@16.3.4
npm warn   node_modules/eslint-config-next
npm warn   1 more (eslint-import-resolver-typescript)
npm error code ENOTFOUND
npm error syscall getaddrinfo
npm error errno ENOTFOUND
npm error network request to https://registry.npmjs.org/eslint failed, reason: getaddrinfo ENOTFOUND registry.npmjs.org
npm error network This is a problem related to network connectivity.
npm error network In most cases you are behind a proxy or have bad network settings.
npm error network
npm error network If you are behind a proxy, please make sure that the
npm error network 'proxy' config is set properly.  See: 'npm help config'
npm error A complete log of this run can be found in: /home/vercel-sandbox/.npm/_logs/2026-09-05T14_37_08_900Z-debug-0.log
