
> tutorgate@1.0.0 build
> next build

▲ Next.js 16.3.4 (Turbopack)
- Environments: .env.local
✓ Running next.config.ts took 27ms

  Creating an optimized production build ...
✓ Compiled successfully in 3.3s
  Running TypeScript ...
  Finished TypeScript in 6.3s ...
  Collecting page data using 11 workers ...
  Generating static pages using 11 workers (0/9) ...
  Generating static pages using 11 workers (2/9) 
  Generating static pages using 11 workers (4/9) 
  Generating static pages using 11 workers (6/9) 
✓ Generating static pages using 11 workers (9/9) in 335ms
  Finalizing page optimization ...

Route (app)
┌ ○ /
├ ○ /_not-found
├ ƒ /admin/applications
├ ƒ /admin/schedule
├ ƒ /admin/settings
├ ƒ /admin/statistics
├ ƒ /admin/students
├ ƒ /admin/tutors
├ ƒ /api/telegram/webhook
├ ƒ /apply
├ ○ /forgot-password
├ ○ /icon.svg
├ ○ /login
├ ƒ /register
├ ƒ /reset-password
├ ƒ /student/schedule
├ ƒ /student/tutors
├ ƒ /tutor/schedule
├ ƒ /tutor/statistics
└ ƒ /tutor/students


ƒ Proxy (Middleware)

○  (Static)   prerendered as static content
ƒ  (Dynamic)  server-rendered on demand

