
> tutorgate@1.0.0 test:e2e
> playwright test

Error: Cannot find module '@playwright/test'
Require stack:
- /vercel/sandbox/data/tutorgate/playwright.config.ts
- /vercel/sandbox/node_modules/playwright/lib/transform/transform.js
- /vercel/sandbox/node_modules/playwright/lib/common/config.js
- /vercel/sandbox/node_modules/playwright/lib/reporters/json.js
- /vercel/sandbox/node_modules/playwright/lib/runner/reporters.js
- /vercel/sandbox/node_modules/playwright/lib/runner/runner.js
- /vercel/sandbox/node_modules/playwright/lib/program.js
- /vercel/sandbox/node_modules/playwright/cli.js
    at Module._resolveFilename (node:internal/modules/cjs/loader:1456:15)
    at Module.resolveFilename (/vercel/sandbox/node_modules/playwright/lib/transform/transform.js:212:36)
    at defaultResolveImpl (node:internal/modules/cjs/loader:1066:19)
    at resolveForCJSWithHooks (node:internal/modules/cjs/loader:1071:22)
    at Module._load (node:internal/modules/cjs/loader:1242:25)
    at wrapModuleLoad (node:internal/modules/cjs/loader:255:19)
    at Module.require (node:internal/modules/cjs/loader:1556:12)
    at require (node:internal/modules/helpers:152:16)
    at Object.<anonymous> (/vercel/sandbox/data/tutorgate/playwright.config.ts:1:1)
    at Module._compile (node:internal/modules/cjs/loader:1812:14)
    at Module.f._compile (/vercel/sandbox/node_modules/playwright/lib/utilsBundleImpl.js:16:994)
    at node:internal/modules/cjs/loader:1943:10
    at Object.i.<computed>.ut._extensions.<computed> (/vercel/sandbox/node_modules/playwright/lib/utilsBundleImpl.js:16:1010)
    at Module.load (node:internal/modules/cjs/loader:1533:32)
    at Module._load (node:internal/modules/cjs/loader:1335:12)
    at wrapModuleLoad (node:internal/modules/cjs/loader:255:19)
    at Module.require (node:internal/modules/cjs/loader:1556:12)
    at require (node:internal/modules/helpers:152:16)
    at requireOrImport (/vercel/sandbox/node_modules/playwright/lib/transform/transform.js:192:20)
    at loadUserConfig (/vercel/sandbox/node_modules/playwright/lib/common/configLoader.js:96:83)
    at loadConfig (/vercel/sandbox/node_modules/playwright/lib/common/configLoader.js:101:28)
    at loadConfigFromFileRestartIfNeeded (/vercel/sandbox/node_modules/playwright/lib/common/configLoader.js:258:16)
    at runTests (/vercel/sandbox/node_modules/playwright/lib/program.js:192:76)
    at t.<anonymous> (/vercel/sandbox/node_modules/playwright/lib/program.js:54:7) {
  code: 'MODULE_NOT_FOUND',
  requireStack: [
    '/vercel/sandbox/data/tutorgate/playwright.config.ts',
    '/vercel/sandbox/node_modules/playwright/lib/transform/transform.js',
    '/vercel/sandbox/node_modules/playwright/lib/common/config.js',
    '/vercel/sandbox/node_modules/playwright/lib/reporters/json.js',
    '/vercel/sandbox/node_modules/playwright/lib/runner/reporters.js',
    '/vercel/sandbox/node_modules/playwright/lib/runner/runner.js',
    '/vercel/sandbox/node_modules/playwright/lib/program.js',
    '/vercel/sandbox/node_modules/playwright/cli.js'
  ]
}
